Run 1:  mer. mai 29 23:08:22 2024.  ceacnrs2.1.52869.
        Em version 18.56 (64-bit Windows) on IRAM-HE-005445 remote.

  Project:  C:\Users\aw270929\scripta CdF\users\Alex\phidl\QRCSJ\Resistors\QRCSJ_2\Sonnet_Feedline_Bot_4_Spirals.son.

    Begin electromagnetic simulation using frequency sweep:
      ABS Start = 7, Stop = 10 GHZ

    Frequency:  7 GHZ

      De-embedded S-Parameters. 50 Ohm Port Terminations.
      Magnitude/Angle. Touchstone Format. (S11 S21 S12 S22).
      7.00000000 0.455976 -76.97 0.889137 -166.7 0.889137 -166.7 0.455980 -76.43
      ! P1 F=7.0 Eeff=(5.94771 - j0.00579984) Z0=(45.6739 + j0.0215048)
      ! P2 F=7.0 Eeff=(5.94771 - j0.00579984) Z0=(45.6739 + j0.0215048)

    Frequency:  10 GHZ
      10.0000000 0.618102 2.4204 0.784944 92.547 0.784944 92.547 0.618102 2.6382
      ! P1 F=10.0 Eeff=(6.02557 - j0.00606507) Z0=(45.379 + j0.0210048)
      ! P2 F=10.0 Eeff=(6.02557 - j0.00606507) Z0=(45.379 + j0.0210048)

    Frequency:  8.35 GHZ
      8.35000000 0.095075 54.299 0.994523 145.32 0.994523 145.32 0.095067 55.919
      ! P1 F=8.35 Eeff=(5.97959 - j0.00590838) Z0=(45.5437 + j0.0213369)
      ! P2 F=8.35 Eeff=(5.97959 - j0.00590838) Z0=(45.5437 + j0.0213369)

    Frequency:  8.15 GHZ
      8.15000000 0.002447 19.666 0.999064 153.06 0.999064 153.06 0.002019 91.171
      ! P1 F=8.15 Eeff=(5.97454 - j0.00589116) Z0=(45.5635 + j0.0213668)
      ! P2 F=8.15 Eeff=(5.97454 - j0.00589116) Z0=(45.5635 + j0.0213668)

    Frequency:  7.42 GHZ
      7.42000000 0.833839 -34.39 0.522284 -141.5 0.522284 -141.5 0.837746 -64.99
      ! P1 F=7.42 Eeff=(5.95706 - j0.00583166) Z0=(45.6344 + j0.0214606)
      ! P2 F=7.42 Eeff=(5.95706 - j0.00583166) Z0=(45.6344 + j0.0214606)

    Frequency:  7.62 GHZ
      7.62000000 0.913461 117.10 0.195023 -116.1 0.195023 -116.1 0.936319 -136.5
      ! P1 F=7.62 Eeff=(5.96169 - j0.00584744) Z0=(45.6152 + j0.0214371)
      ! P2 F=7.62 Eeff=(5.96169 - j0.00584744) Z0=(45.6152 + j0.0214371)

    Frequency:  9.3 GHZ
      9.30000000 0.460151 21.879 0.886800 112.06 0.886800 112.06 0.460151 22.167
      ! P1 F=9.3 Eeff=(6.00514 - j0.00599545) Z0=(45.4487 + j0.021166)
      ! P2 F=9.3 Eeff=(6.00514 - j0.00599545) Z0=(45.4487 + j0.021166)

    Frequency:  7.619955086844 GHZ
      7.61995509 0.924393 121.96 0.131728 -120.3 0.131728 -120.3 0.947130 -133.4
      ! P1 F=7.61995509 Eeff=(5.96169 - j0.00584744) Z0=(45.6152 + j0.0214371)
      ! P2 F=7.61995509 Eeff=(5.96169 - j0.00584744) Z0=(45.6152 + j0.0214371)

    Frequency:  7.833497600161 GHZ
      7.83349760 0.954389 -56.25 0.113563 97.861 0.113563 97.861 0.945778 26.868
      ! P1 F=7.8334976 Eeff=(5.96677 - j0.00586472) Z0=(45.5945 + j0.0214103)
      ! P2 F=7.8334976 Eeff=(5.96677 - j0.00586472) Z0=(45.5945 + j0.0214103)
      Em errors detected: 0    Em warnings detected: 0.

Remote em simulation completed jeu. mai 30 21:16:06 2024.


Run 2:  ven. août 08 11:09:54 2025.  ceacnrs2.1.90599.
        Em version 18.56 (64-bit Windows) on IRAM-HE-005445 remote.

  Project:  L:\alex\phidl\QRCSJ_3\Sonnet_Feedline_Bot_4_Spirals_detailed.son.

    Begin electromagnetic simulation using frequency sweep:
      ABS Start = 7.3, Stop = 7.95 GHZ

    Frequency:  7.3 GHZ

      De-embedded S-Parameters. 50 Ohm Port Terminations.
      Magnitude/Angle. Touchstone Format. (S11 S21 S12 S22).
      7.30000000 0.351427 -87.94 0.935329 -177.0 0.935329 -177.0 0.351443 -85.93
      ! P1 F=7.3 Eeff=(5.95434 - j0.00582239) Z0=(45.6458 + j0.0214739)
      ! P2 F=7.3 Eeff=(5.95434 - j0.00582239) Z0=(45.6458 + j0.0214739)

    Frequency:  7.95 GHZ
      7.95000000 0.094353 -108.9 0.994618 161.05 0.994618 161.05 0.094351 -108.6
      ! P1 F=7.95 Eeff=(5.9696 - j0.00587434) Z0=(45.5831 + j0.0213948)
      ! P2 F=7.95 Eeff=(5.9696 - j0.00587433) Z0=(45.5831 + j0.0213948)

    Frequency:  7.424 GHZ
      7.42400000 0.484284 -72.10 0.872420 -169.7 0.872420 -169.7 0.484861 -86.93
      ! P1 F=7.424 Eeff=(5.95715 - j0.00583198) Z0=(45.634 + j0.0214601)
      ! P2 F=7.424 Eeff=(5.95715 - j0.00583198) Z0=(45.634 + j0.0214601)

    Frequency:  7.62 GHZ
      7.62000000 0.913461 117.10 0.195023 -116.1 0.195023 -116.1 0.936319 -136.5
      ! P1 F=7.62 Eeff=(5.96169 - j0.00584744) Z0=(45.6152 + j0.0214371)
      ! P2 F=7.62 Eeff=(5.96169 - j0.00584744) Z0=(45.6152 + j0.0214371)

    Frequency:  7.834 GHZ
      7.83400000 0.876492 -83.75 0.417794 -140.3 0.417794 -140.3 0.869781 -7.275
      ! P1 F=7.834 Eeff=(5.96678 - j0.00586476) Z0=(45.5944 + j0.0214102)
      ! P2 F=7.834 Eeff=(5.96678 - j0.00586476) Z0=(45.5944 + j0.0214102)

    Frequency:  7.418783281611 GHZ
      7.41878328 0.920078 20.230 0.286259 95.471 0.286259 95.471 0.928335 -22.81
      ! P1 F=7.41878328 Eeff=(5.95703 - j0.00583157) Z0=(45.6345 + j0.0214607)
      ! P2 F=7.41878328 Eeff=(5.95703 - j0.00583157) Z0=(45.6345 + j0.0214607)

    Frequency:  7.561833376919 GHZ
      7.56183338 0.940160 73.953 0.061658 129.77 0.061658 129.77 0.964911 -85.52
      ! P1 F=7.56183338 Eeff=(5.96033 - j0.00584281) Z0=(45.6208 + j0.0214441)
      ! P2 F=7.56183338 Eeff=(5.96033 - j0.00584281) Z0=(45.6208 + j0.0214441)

    Frequency:  7.619960764705 GHZ
      7.61996076 0.923241 121.34 0.139601 -119.3 0.139601 -119.3 0.945999 -133.8
      ! P1 F=7.61996076 Eeff=(5.96169 - j0.00584744) Z0=(45.6152 + j0.0214371)
      ! P2 F=7.61996076 Eeff=(5.96169 - j0.00584744) Z0=(45.6152 + j0.0214371)

    Frequency:  7.833503986565 GHZ
      7.83350399 0.955179 -56.64 0.106688 98.949 0.106688 98.949 0.946580 26.390
      ! P1 F=7.83350399 Eeff=(5.96677 - j0.00586472) Z0=(45.5945 + j0.0214103)
      ! P2 F=7.83350399 Eeff=(5.96677 - j0.00586472) Z0=(45.5945 + j0.0214103)

    Begin electromagnetic simulation using frequency sweep:
      Linear Start = 7.4195, Stop = 7.4205, Number = 5 GHZ

    Frequency:  7.4195 GHZ
      7.41950000 0.930807 -17.46 0.289642 -129.4 0.289642 -129.4 0.936387 -52.27
      ! P1 F=7.4195 Eeff=(5.95705 - j0.00583163) Z0=(45.6344 + j0.0214606)
      ! P2 F=7.4195 Eeff=(5.95705 - j0.00583163) Z0=(45.6344 + j0.0214606)

    Frequency:  7.41975 GHZ
      7.41975000 0.884032 -26.84 0.422551 -135.8 0.422551 -135.8 0.888703 -59.42
      ! P1 F=7.41975 Eeff=(5.95705 - j0.00583164) Z0=(45.6344 + j0.0214606)
      ! P2 F=7.41975 Eeff=(5.95705 - j0.00583164) Z0=(45.6344 + j0.0214606)

    Frequency:  7.42025 GHZ
      7.42025000 0.786210 -40.50 0.596784 -146.2 0.596784 -146.2 0.789496 -69.32
      ! P1 F=7.42025 Eeff=(5.95707 - j0.00583168) Z0=(45.6343 + j0.0214606)
      ! P2 F=7.42025 Eeff=(5.95707 - j0.00583168) Z0=(45.6343 + j0.0214606)

    Frequency:  7.4205 GHZ
      7.42050000 0.743406 -45.48 0.652954 -150.1 0.652954 -150.1 0.746193 -72.71
      ! P1 F=7.4205 Eeff=(5.95707 - j0.0058317) Z0=(45.6343 + j0.0214605)
      ! P2 F=7.4205 Eeff=(5.95707 - j0.0058317) Z0=(45.6343 + j0.0214605)

    Begin electromagnetic simulation using frequency sweep:
      Linear Start = 7.5611, Stop = 7.5621, Number = 5 GHZ

    Frequency:  7.5611 GHZ
      7.56110000 0.678369 132.80 0.691730 130.31 0.691730 130.31 0.697195 -57.37
      ! P1 F=7.5611 Eeff=(5.96032 - j0.00584275) Z0=(45.6209 + j0.0214442)
      ! P2 F=7.5611 Eeff=(5.96032 - j0.00584275) Z0=(45.6209 + j0.0214442)

    Frequency:  7.56135 GHZ
      7.56135000 0.787566 116.01 0.545254 120.12 0.545254 120.12 0.809389 -63.66
      ! P1 F=7.56135 Eeff=(5.96032 - j0.00584277) Z0=(45.6208 + j0.0214442)
      ! P2 F=7.56135 Eeff=(5.96032 - j0.00584277) Z0=(45.6208 + j0.0214442)
      Em errors detected: 0    Em warnings detected: 0.


Run 2:  dim. août 10 00:31:15 2025.  ceacnrs2.1.90599.
        Em version 18.56 (64-bit Windows) on IRAM-HE-005445 remote.

  Project:  L:\alex\phidl\QRCSJ_3\Sonnet_Feedline_Bot_4_Spirals_detailed.son.

    Begin electromagnetic simulation using frequency sweep:
      ABS Start = 7.3, Stop = 7.95 GHZ

    Frequency:  7.3 GHZ

      De-embedded S-Parameters. 50 Ohm Port Terminations.
      Magnitude/Angle. Touchstone Format. (S11 S21 S12 S22).
      7.30000000 0.351427 -87.94 0.935329 -177.0 0.935329 -177.0 0.351443 -85.93
      ! P1 F=7.3 Eeff=(5.95434 - j0.00582239) Z0=(45.6458 + j0.0214739)
      ! P2 F=7.3 Eeff=(5.95434 - j0.00582239) Z0=(45.6458 + j0.0214739)

    Frequency:  7.95 GHZ
      7.95000000 0.094353 -108.9 0.994618 161.05 0.994618 161.05 0.094351 -108.6
      ! P1 F=7.95 Eeff=(5.9696 - j0.00587434) Z0=(45.5831 + j0.0213948)
      ! P2 F=7.95 Eeff=(5.9696 - j0.00587433) Z0=(45.5831 + j0.0213948)

    Frequency:  7.424 GHZ
      7.42400000 0.484284 -72.10 0.872420 -169.7 0.872420 -169.7 0.484861 -86.93
      ! P1 F=7.424 Eeff=(5.95715 - j0.00583198) Z0=(45.634 + j0.0214601)
      ! P2 F=7.424 Eeff=(5.95715 - j0.00583198) Z0=(45.634 + j0.0214601)

    Frequency:  7.62 GHZ
      7.62000000 0.913461 117.10 0.195023 -116.1 0.195023 -116.1 0.936319 -136.5
      ! P1 F=7.62 Eeff=(5.96169 - j0.00584744) Z0=(45.6152 + j0.0214371)
      ! P2 F=7.62 Eeff=(5.96169 - j0.00584744) Z0=(45.6152 + j0.0214371)
      Em errors detected: 0    Em warnings detected: 0.


Run 2:  dim. août 10 10:33:17 2025.  ceacnrs2.1.90599.
        Em version 18.56 (64-bit Windows) on IRAM-HE-005445 remote.

  Project:  L:\alex\phidl\QRCSJ_3\Sonnet_Feedline_Bot_4_Spirals_detailed.son.

    Begin electromagnetic simulation using frequency sweep:
      Linear Start = 7.418, Stop = 7.4195, Number = 5 GHZ

    Frequency:  7.418 GHZ

      De-embedded S-Parameters. 50 Ohm Port Terminations.
      Magnitude/Angle. Touchstone Format. (S11 S21 S12 S22).
      7.41800000 0.503041 70.454 0.839924 132.23 0.839924 132.23 0.511697 9.2862
      ! P1 F=7.418 Eeff=(5.95701 - j0.00583151) Z0=(45.6346 + j0.0214608)
      ! P2 F=7.418 Eeff=(5.95701 - j0.00583151) Z0=(45.6346 + j0.0214608)

    Frequency:  7.418375 GHZ
      7.41837500 0.676543 52.940 0.697031 119.57 0.697031 119.57 0.685381 0.3236
      ! P1 F=7.418375 Eeff=(5.95702 - j0.00583154) Z0=(45.6345 + j0.0214608)
      ! P2 F=7.418375 Eeff=(5.95702 - j0.00583154) Z0=(45.6345 + j0.0214608)

    Frequency:  7.41875 GHZ
      7.41875000 0.851771 32.121 0.452925 103.59 0.452925 103.59 0.860423 -13.86
      ! P1 F=7.41875 Eeff=(5.95703 - j0.00583157) Z0=(45.6345 + j0.0214607)
      ! P2 F=7.41875 Eeff=(5.95703 - j0.00583157) Z0=(45.6345 + j0.0214607)

    Frequency:  7.419125 GHZ
      7.41912500 0.955569 9.8073 0.131630 93.347 0.131630 93.347 0.963283 -30.90
      ! P1 F=7.419125 Eeff=(5.95704 - j0.0058316) Z0=(45.6344 + j0.0214607)
      ! P2 F=7.419125 Eeff=(5.95704 - j0.0058316) Z0=(45.6344 + j0.0214607)
      Em errors detected: 0    Em warnings detected: 0.

Remote em simulation completed dim. août 10 20:25:08 2025.


Run 3:  dim. août 10 20:53:17 2025.  ceacnrs2.1.90599.
        Em version 18.56 (64-bit Windows) on IRAM-HE-005445 remote.

  Project:  L:\alex\phidl\QRCSJ_3\Sonnet_Feedline_Bot_4_Spirals_detailed.son.

    Begin electromagnetic simulation using frequency sweep:
      Linear Start = 7.4191, Stop = 7.41916, Number = 3 GHZ

    Frequency:  7.4191 GHZ

      De-embedded S-Parameters. 50 Ohm Port Terminations.
      Magnitude/Angle. Touchstone Format. (S11 S21 S12 S22).
      7.41910000 0.952063 11.263 0.153384 92.771 0.153384 92.771 0.959863 -29.76
      ! P1 F=7.4191 Eeff=(5.95704 - j0.0058316) Z0=(45.6345 + j0.0214607)
      ! P2 F=7.4191 Eeff=(5.95704 - j0.0058316) Z0=(45.6345 + j0.0214607)

    Frequency:  7.41913 GHZ
      7.41913000 0.956206 9.5188 0.127330 93.537 0.127330 93.537 0.963903 -31.13
      ! P1 F=7.41913 Eeff=(5.95704 - j0.0058316) Z0=(45.6344 + j0.0214607)
      ! P2 F=7.41913 Eeff=(5.95704 - j0.0058316) Z0=(45.6344 + j0.0214607)

    Frequency:  7.41916 GHZ
      7.41916000 0.959626 7.7896 0.101702 95.470 0.101702 95.470 0.967217 -32.48
      ! P1 F=7.41916 Eeff=(5.95704 - j0.0058316) Z0=(45.6344 + j0.0214607)
      ! P2 F=7.41916 Eeff=(5.95704 - j0.0058316) Z0=(45.6344 + j0.0214607)
      Em errors detected: 0    Em warnings detected: 0.

Remote em simulation completed lun. août 11 04:21:27 2025.
